#-----------------------------------------------------------
# Vivado v2021.1 (64-bit)
# SW Build 3247384 on Thu Jun 10 19:36:33 MDT 2021
# IP Build 3246043 on Fri Jun 11 00:30:35 MDT 2021
# Start of session at: Sat Dec 18 23:20:01 2021
# Process ID: 5760
# Current directory: C:/Users/lenovo/Desktop/homework/Conv
# Command line: vivado.exe -gui_launcher_event rodinguilauncherevent13132 C:\Users\lenovo\Desktop\homework\Conv\Conv.xpr
# Log file: C:/Users/lenovo/Desktop/homework/Conv/vivado.log
# Journal file: C:/Users/lenovo/Desktop/homework/Conv\vivado.jou
#-----------------------------------------------------------
start_gui
open_project C:/Users/lenovo/Desktop/homework/Conv/Conv.xpr
update_compile_order -fileset sources_1
launch_simulation
source test.tcl
reset_run synth_1
launch_runs impl_1 -to_step write_bitstream -jobs 4
wait_on_run impl_1
open_hw_manager
connect_hw_server -url localhost:3121 -allow_non_jtag
current_hw_target [get_hw_targets */xilinx_tcf/Digilent/210251A08870]
set_property PARAM.FREQUENCY 15000000 [get_hw_targets */xilinx_tcf/Digilent/210251A08870]
open_hw_target
set_property PROGRAM.FILE {C:/Users/lenovo/Desktop/homework/Conv/Conv.runs/impl_1/display.bit} [get_hw_devices xc7a200t_0]
current_hw_device [get_hw_devices xc7a200t_0]
refresh_hw_device -update_hw_probes false [lindex [get_hw_devices xc7a200t_0] 0]
set_property PROBES.FILE {} [get_hw_devices xc7a200t_0]
set_property FULL_PROBES.FILE {} [get_hw_devices xc7a200t_0]
set_property PROGRAM.FILE {C:/Users/lenovo/Desktop/homework/Conv/Conv.runs/impl_1/display.bit} [get_hw_devices xc7a200t_0]
program_hw_devices [get_hw_devices xc7a200t_0]
refresh_hw_device [lindex [get_hw_devices xc7a200t_0] 0]
close_sim
